\BOOKMARK [1][-]{section.1}{\376\377\000I\000n\000t\000r\000o\000d\000u\000c\000t\000i\000o\000n}{}% 1
\BOOKMARK [1][-]{section.2}{\376\377\000S\000e\000t\000t\000i\000n\000g}{}% 2
\BOOKMARK [1][-]{section.3}{\376\377\000S\000i\000t\000e\000\040\000s\000e\000l\000e\000c\000t\000i\000o\000n\000\040\000f\000o\000r\000\040\000o\000m\000i\000t\000t\000e\000d\000\040\000m\000o\000d\000e\000r\000a\000t\000o\000r\000s}{}% 3
\BOOKMARK [1][-]{section.4}{\376\377\000T\000h\000e\000\040\000s\000i\000t\000e\000-\000s\000e\000l\000e\000c\000t\000i\000o\000n\000\040\000p\000r\000o\000b\000l\000e\000m}{}% 4
\BOOKMARK [2][-]{subsection.4.1}{\376\377\000D\000a\000t\000a\000\040\000r\000e\000q\000u\000i\000r\000e\000m\000e\000n\000t\000s\000\040\000f\000o\000r\000\040\000s\000i\000t\000e\000-\000s\000e\000l\000e\000c\000t\000i\000o\000n}{section.4}% 5
\BOOKMARK [2][-]{subsection.4.2}{\376\377\000W\000h\000a\000t\000\040\000a\000d\000d\000i\000n\000g\000\040\000a\000\040\000s\000i\000t\000e\000\040\000c\000h\000a\000n\000g\000e\000s}{section.4}% 6
\BOOKMARK [1][-]{section.5}{\376\377\000T\000h\000e\000\040\000g\000e\000o\000m\000e\000t\000r\000y\000\040\000o\000f\000\040\000a\000d\000d\000i\000n\000g\000\040\000a\000\040\000s\000i\000t\000e}{}% 7
\BOOKMARK [1][-]{section.6}{\376\377\000S\000c\000o\000r\000i\000n\000g\000\040\000c\000a\000n\000d\000i\000d\000a\000t\000e\000s\000\040\000u\000n\000d\000e\000r\000\040\000r\000e\000s\000t\000r\000i\000c\000t\000i\000o\000n\000s}{}% 8
\BOOKMARK [1][-]{section.7}{\376\377\000W\000h\000e\000n\000\040\000a\000d\000d\000i\000n\000g\000\040\000a\000\040\000s\000i\000t\000e\000\040\000c\000a\000n\000\040\000h\000u\000r\000t}{}% 9
\BOOKMARK [1][-]{section.8}{\376\377\000S\000i\000m\000u\000l\000a\000t\000i\000o\000n\000s}{}% 10
\BOOKMARK [2][-]{subsection.8.1}{\376\377\000D\000e\000s\000i\000g\000n}{section.8}% 11
\BOOKMARK [2][-]{subsection.8.2}{\376\377\000S\000e\000l\000e\000c\000t\000i\000n\000g\000\040\000a\000m\000o\000n\000g\000\040\000f\000o\000u\000r\000\040\000c\000a\000n\000d\000i\000d\000a\000t\000e\000s}{section.8}% 12
\BOOKMARK [2][-]{subsection.8.3}{\376\377\000T\000h\000e\000\040\000c\000o\000n\000f\000l\000i\000c\000t\000\040\000m\000e\000c\000h\000a\000n\000i\000s\000m}{section.8}% 13
\BOOKMARK [1][-]{section.9}{\376\377\000C\000a\000s\000e\000\040\000s\000t\000u\000d\000y\000:\000\040\000w\000h\000i\000c\000h\000\040\000m\000i\000c\000r\000o\000c\000r\000e\000d\000i\000t\000\040\000e\000x\000p\000e\000r\000i\000m\000e\000n\000t\000\040\000w\000a\000s\000\040\000w\000o\000r\000t\000h\000\040\000r\000u\000n\000n\000i\000n\000g}{}% 14
\BOOKMARK [2][-]{subsection.9.1}{\376\377\000S\000p\000e\000c\000i\000f\000i\000c\000a\000t\000i\000o\000n}{section.9}% 15
\BOOKMARK [2][-]{subsection.9.2}{\376\377\000B\000o\000s\000n\000i\000a\000:\000\040\000a\000\040\000p\000r\000e\000d\000i\000c\000t\000a\000b\000l\000e\000\040\000c\000o\000l\000l\000a\000p\000s\000e}{section.9}% 16
\BOOKMARK [2][-]{subsection.9.3}{\376\377\000M\000o\000r\000o\000c\000c\000o\000:\000\040\000a\000\040\000c\000o\000r\000r\000e\000c\000t\000\040\000r\000a\000n\000k\000i\000n\000g\000\040\000o\000f\000\040\000m\000o\000d\000e\000s\000t\000\040\000g\000a\000i\000n\000s}{section.9}% 17
\BOOKMARK [2][-]{subsection.9.4}{\376\377\000W\000h\000a\000t\000\040\000t\000h\000e\000\040\000e\000x\000e\000r\000c\000i\000s\000e\000\040\000d\000o\000e\000s\000\040\000a\000n\000d\000\040\000d\000o\000e\000s\000\040\000n\000o\000t\000\040\000s\000h\000o\000w}{section.9}% 18
\BOOKMARK [1][-]{section.10}{\376\377\000D\000i\000s\000c\000u\000s\000s\000i\000o\000n}{}% 19
\BOOKMARK [1][-]{appendix.A}{\376\377\000P\000r\000o\000o\000f\000s}{}% 20
\BOOKMARK [2][-]{subsection.A.1}{\376\377\000P\000r\000o\000o\000f\000\040\000o\000f\000\040\000L\000e\000m\000m\000a\000\040\0001}{appendix.A}% 21
\BOOKMARK [2][-]{subsection.A.2}{\376\377\000P\000r\000o\000o\000f\000\040\000o\000f\000\040\000P\000r\000o\000p\000o\000s\000i\000t\000i\000o\000n\000\040\0001}{appendix.A}% 22
\BOOKMARK [2][-]{subsection.A.3}{\376\377\000P\000r\000o\000o\000f\000\040\000o\000f\000\040\000P\000r\000o\000p\000o\000s\000i\000t\000i\000o\000n\000\040\0002}{appendix.A}% 23
\BOOKMARK [2][-]{subsection.A.4}{\376\377\000P\000r\000o\000o\000f\000\040\000o\000f\000\040\000P\000r\000o\000p\000o\000s\000i\000t\000i\000o\000n\000\040\0003}{appendix.A}% 24
\BOOKMARK [2][-]{subsection.A.5}{\376\377\000P\000r\000o\000o\000f\000\040\000o\000f\000\040\000P\000r\000o\000p\000o\000s\000i\000t\000i\000o\000n\000\040\0004}{appendix.A}% 25
\BOOKMARK [2][-]{subsection.A.6}{\376\377\000P\000r\000o\000o\000f\000\040\000o\000f\000\040\000P\000r\000o\000p\000o\000s\000i\000t\000i\000o\000n\000\040\000o\000n\000\040\000o\000m\000i\000t\000t\000e\000d\000-\000m\000o\000d\000e\000r\000a\000t\000o\000r\000\040\000b\000i\000a\000s}{appendix.A}% 26
\BOOKMARK [2][-]{subsection.A.7}{\376\377\000P\000r\000o\000o\000f\000\040\000o\000f\000\040\000T\000h\000e\000o\000r\000e\000m\000\040\000o\000n\000\040\000o\000m\000i\000t\000t\000e\000d\000-\000m\000o\000d\000e\000r\000a\000t\000o\000r\000\040\000r\000e\000f\000i\000n\000e\000m\000e\000n\000t}{appendix.A}% 27
\BOOKMARK [2][-]{subsection.A.8}{\376\377\000P\000r\000o\000o\000f\000\040\000o\000f\000\040\000T\000h\000e\000o\000r\000e\000m\000\040\0001}{appendix.A}% 28
\BOOKMARK [2][-]{subsection.A.9}{\376\377\000T\000h\000e\000\040\000d\000u\000a\000l\000\040\000p\000r\000i\000c\000e\000\040\000o\000f\000\040\000t\000h\000e\000\040\000f\000o\000r\000e\000c\000a\000s\000t}{appendix.A}% 29
